node.exe : npm 
warn Unknown 
project config "st
rict-peer-dependen
cies". This will 
stop working in 
the next major 
version of npm.
At C:\Program File
s\nodejs\npx.ps1:2
9 char:3
+   & $NODE_EXE 
$NPX_CLI_JS $args
+   ~~~~~~~~~~~~~~
~~~~~~~~~~~~~~~
    + CategoryInf 
   o          :   
  NotSpecified:   
  (npm warn Un    
know...versio    
n of npm.:Str    
ing) [], Remo    
teException
    + FullyQualif 
   iedErrorId :   
  NativeCommand   
 Error
 
src/components/upload-widget.tsx(8,39): error TS7031: Binding element 'onChange' implicitly has an 'any' type.
src/pages/classes/create.tsx(129,53): error TS2322: Type '{ url: string; publicId: string; } | null' is not assignable to type 'null | undefined'.
  Type '{ url: string; publicId: string; }' is not assignable to type 'null | undefined'.
src/pages/classes/create.tsx(137,64): error TS7006: Parameter 'file' implicitly has an 'any' type.
